2025-01-01 retain earnings  ; retain:
    Expenses:Rent                      -400000 JPY
    Expenses:Groceries                  -80000 JPY
    Expenses:Travel                    -900000 MNT
    Income:Salary                      3000.00 USD
    Income:Freelance                   1200000 JPY
    Equity:Accumulated:2024:Earned

2025-01-01 * Pin 2024 layer to base currency
    Equity:Accumulated:2024:Earned     720000 JPY @ 0.006400 USD
    Equity:Accumulated:2024:Earned    -900000 MNT @ 0.000285 USD
    Equity:Accumulated:2024:Earned

2025-01-01 * Currency translation of live positions, 2024 (unrealized)
    Equity:Accumulated:2024:Revalued     4000.00 HKD @ 0.128500 USD
    Equity:Accumulated:2024:Revalued    -4000.00 HKD @ 0.128000 USD
    Equity:Accumulated:2024:Revalued      720000 JPY @ 0.006400 USD
    Equity:Accumulated:2024:Revalued     -720000 JPY @ 0.007100 USD
    Equity:Accumulated:2024:Revalued      600000 MNT @ 0.000285 USD
    Equity:Accumulated:2024:Revalued     -600000 MNT @ 0.000290 USD
    Equity:Accumulated:2024:Revalued

